PS C:\Users\Asus\OneDrive\Desktop\java full Archer Infotech\front end\Task peo2> git init
Initialized empty Git repository in C:/Users/Asus/OneDrive/Desktop/java full Archer Infotech/front end/Task peo2/.git/
PS C:\Users\Asus\OneDrive\Desktop\java full Archer Infotech\front end\Task peo2> git ad
git: 'ad' is not a git command. See 'git --help'.

The most similar commands are
        add
        am
PS C:\Users\Asus\OneDrive\Desktop\java full Archer Infotech\front end\Task peo2> git add
Nothing specified, nothing added.
hint: Maybe you wanted to say 'git add .'?
hint: Disable this message with "git config advice.addEmptyPathspec false"
On branch master

Initial commit

Untracked files:
  (use "git add <file>..." to include in what will be committed)
        index.html
        lang.html
        style.1.css
        style.css

nothing added to commit but untracked files present (use "git add" to track)
PS C:\U        s\OneDrive\Desktop\java full Archer Infotech\front end\Task peo2>
PS C:\Users\Asus\OneDrive\Desktop\java full Archer Infotech\front end\Task peo2> git add .
PS C:\Users\Asus\OneDrive\Desktop\java full Archer Infotech\front end\Task peo2> git commit -m "first commit"
[master (root-commit) 7c69266] first commit
 4 files changed, 382 insertions(+)
 create mode 100644 index.html
 create mode 100644 lang.html
 create mode 100644 style.1.css
 create mode 100644 style.css
PS C:\Users\Asus\OneDrive\Desktop\java full Archer Infotech\front end\Task peo2> git push
fatal: No configured push destination.
Either specify the URL from the command-line or configure a remote repository using

    git remote add <name> <url>

and then push using the remote name

    git push <name>

PS C:\Users\Asus\OneDrive\Desktop\java full Archer Infotech\front end\Task peo2> git push origin
fatal: The current branch master has no upstream branch.
To push the current branch and set the remote as upstream, use

    git push --set-upstream origin master

To have this happen automatically for branches without a tracking
upstream, see 'push.autoSetupRemote' in 'git help config'.

PS C:\Users\Asus\OneDrive\Desktop\java full Archer Infotech\front end\Task peo2> git remote add origin https://github.com/vikassingh5522/Store-of-One-Punch-.git
PS C:\Users\Asus\OneDrive\Desktop\java full Archer Infotech\front end\Task peo2> git push -u origin main
error: src refspec main does not match any
error: failed to push some refs to 'https://github.com/vikassingh5522/Store-of-One-Punch-.git'
PS C:\Users\Asus\OneDrive\Desktop\java full Archer Infotech\front end\Task peo2> git pus origin main                      
git: 'pus' is not a git command. See 'git --help'.

The most similar commands are
        push
        pull
PS C:\Users\Asus\OneDrive\Desktop\java full Archer Infotech\front end\Task peo2> git push origin main
error: src refspec main does not match any
error: failed to push some refs to 'https://github.com/vikassingh5522/Store-of-One-Punch-.git'
PS C:\Users\Asus\OneDrive\Desktop\java full Archer Infotech\front end\Task peo2> git push -u origin main
error: src refspec main does not match any
error: failed to push some refs to 'https://github.com/vikassingh5522/Store-of-One-Punch-.git'
PS C:\Users\Asus\OneDrive\Desktop\java full Archer Infotech\front end\Task peo2> git commit -m "as"
On branch master
nothing to commit, working tree clean
PS C:\Users\Asus\OneDrive\Desktop\java full Archer Infotech\front end\Task peo2> git push -u origin main
error: src refspec main does not match any
error: failed to push some refs to 'https://github.com/vikassingh5522/Store-of-One-Punch-.git'
PS C:\Users\Asus\OneDrive\Desktop\java full Archer Infotech\front end\Task peo2> git add .              
PS C:\Users\Asus\OneDrive\Desktop\java full Archer Infotech\front end\Task peo2> git push
fatal: The current branch master has no upstream branch.
To push the current branch and set the remote as upstream, use

    git push --set-upstream origin master

To have this happen automatically for branches without a tracking
upstream, see 'push.autoSetupRemote' in 'git help config'.

PS C:\Users\Asus\OneDrive\Desktop\java full Archer Infotech\front end\Task peo2> git push origin master 
Enumerating objects: 6, done.
Counting objects: 100% (6/6), done.
Delta compression using up to 12 threads
Compressing objects: 100% (6/6), done.
Writing objects: 100% (6/6), 3.74 KiB | 294.00 KiB/s, done.
Total 6 (delta 1), reused 0 (delta 0), pack-reused 0 (from 0)
remote: Resolving deltas: 100% (1/1), done.
To https://github.com/vikassingh5522/Store-of-One-Punch-.git
 * [new branch]      master -> master
PS C:\Users\Asus\OneDrive\Desktop\java full Archer Infotech\front end\Task peo2> 